// Vitest Snapshot v1, https://vitest.dev/guide/snapshot.html

exports[`should render pages/Favorites component 1`] = `
{
  "asFragment": [Function],
  "baseElement": <body>
    <div>
      <div
        class="flex flex-col h-screen"
      >
        <div
          class="lg:h-[60px]"
        >
          <div
            class="flex flex-col md:flex-row justify-between items-center bg-blue-500 h-full p-2"
          >
            <a
              class="ms-5 flex items-center"
              href="/"
            >
              <img
                class="w-[40px]"
                src="/images/film-roll.png"
              />
              <h1
                class="ms-3 text-2xl font-bold text-blue-900"
              >
                Cinema
              </h1>
            </a>
            <div
              class="m-5 grid grid-rows-2 grid-cols-2 gap-2 md:grid-flow-col md:grid-rows-1"
            >
              <a
                class="text-white text-center hover:text-white hover:underline me-5 bg-blue-800 p-2 rounded-full"
                href="/"
              >
                Home
              </a>
              <a
                class="text-white text-center hover:text-white hover:underline me-5 bg-transparent p-2"
                href="/favorites"
              >
                Favorites
              </a>
              <a
                class="text-white text-center hover:text-white hover:underline me-5 bg-transparent p-2"
                href="/experiences"
              >
                Experiences
              </a>
            </div>
          </div>
        </div>
        <div
          class="h-full"
        >
          <div
            class="min-h-full p-10"
          >
            <div
              class="flex flex-col justify-center items-center text-white text-center"
            >
              <h1
                class="border rounded-md p-2 shadow-xl text-2xl md:text-5xl"
              >
                No favorite movies were found
              </h1>
              <a
                class="mt-10 text-white text-xl hover:text-white hover:underline"
                href="/"
              >
                Add some from the Movie Catalog
              </a>
            </div>
          </div>
        </div>
      </div>
    </div>
  </body>,
  "container": <div>
    <div
      class="flex flex-col h-screen"
    >
      <div
        class="lg:h-[60px]"
      >
        <div
          class="flex flex-col md:flex-row justify-between items-center bg-blue-500 h-full p-2"
        >
          <a
            class="ms-5 flex items-center"
            href="/"
          >
            <img
              class="w-[40px]"
              src="/images/film-roll.png"
            />
            <h1
              class="ms-3 text-2xl font-bold text-blue-900"
            >
              Cinema
            </h1>
          </a>
          <div
            class="m-5 grid grid-rows-2 grid-cols-2 gap-2 md:grid-flow-col md:grid-rows-1"
          >
            <a
              class="text-white text-center hover:text-white hover:underline me-5 bg-blue-800 p-2 rounded-full"
              href="/"
            >
              Home
            </a>
            <a
              class="text-white text-center hover:text-white hover:underline me-5 bg-transparent p-2"
              href="/favorites"
            >
              Favorites
            </a>
            <a
              class="text-white text-center hover:text-white hover:underline me-5 bg-transparent p-2"
              href="/experiences"
            >
              Experiences
            </a>
          </div>
        </div>
      </div>
      <div
        class="h-full"
      >
        <div
          class="min-h-full p-10"
        >
          <div
            class="flex flex-col justify-center items-center text-white text-center"
          >
            <h1
              class="border rounded-md p-2 shadow-xl text-2xl md:text-5xl"
            >
              No favorite movies were found
            </h1>
            <a
              class="mt-10 text-white text-xl hover:text-white hover:underline"
              href="/"
            >
              Add some from the Movie Catalog
            </a>
          </div>
        </div>
      </div>
    </div>
  </div>,
  "debug": [Function],
  "findAllByAltText": [Function],
  "findAllByDisplayValue": [Function],
  "findAllByLabelText": [Function],
  "findAllByPlaceholderText": [Function],
  "findAllByRole": [Function],
  "findAllByTestId": [Function],
  "findAllByText": [Function],
  "findAllByTitle": [Function],
  "findByAltText": [Function],
  "findByDisplayValue": [Function],
  "findByLabelText": [Function],
  "findByPlaceholderText": [Function],
  "findByRole": [Function],
  "findByTestId": [Function],
  "findByText": [Function],
  "findByTitle": [Function],
  "getAllByAltText": [Function],
  "getAllByDisplayValue": [Function],
  "getAllByLabelText": [Function],
  "getAllByPlaceholderText": [Function],
  "getAllByRole": [Function],
  "getAllByTestId": [Function],
  "getAllByText": [Function],
  "getAllByTitle": [Function],
  "getByAltText": [Function],
  "getByDisplayValue": [Function],
  "getByLabelText": [Function],
  "getByPlaceholderText": [Function],
  "getByRole": [Function],
  "getByTestId": [Function],
  "getByText": [Function],
  "getByTitle": [Function],
  "queryAllByAltText": [Function],
  "queryAllByDisplayValue": [Function],
  "queryAllByLabelText": [Function],
  "queryAllByPlaceholderText": [Function],
  "queryAllByRole": [Function],
  "queryAllByTestId": [Function],
  "queryAllByText": [Function],
  "queryAllByTitle": [Function],
  "queryByAltText": [Function],
  "queryByDisplayValue": [Function],
  "queryByLabelText": [Function],
  "queryByPlaceholderText": [Function],
  "queryByRole": [Function],
  "queryByTestId": [Function],
  "queryByText": [Function],
  "queryByTitle": [Function],
  "rerender": [Function],
  "unmount": [Function],
}
`;
